> load("~/Study/Semester 3/Econometrics for ECO/R Files/R Data/WAGE2.RData")
> attach(data)
> View(data)
> View(desc)
> View(reg1)
> mean(data$wage)
[1] 957.9455
> mean(data$IQ)
[1] 101.2824
> sd(IQ)
[1] 15.05264
> mean(IQ)
[1] 101.2824
> mean(wage)
[1] 957.9455
> mean(IQ)
[1] 101.2824
> sd(IQ)
[1] 15.05264
> reg1 <- lm(wage ~ IQ)
> reg1 <- lm(wage ~ IQ)
> reg1 <- lm(wage ~ IQ)
> reg1

Call:
lm(formula = wage ~ IQ)

Coefficients:
(Intercept)           IQ  
    116.992        8.303  

> View(reg1)
> regIQ <- lm(wage ~ IQ)
> regIQ

Call:
lm(formula = wage ~ IQ)

Coefficients:
(Intercept)           IQ  
    116.992        8.303  

> names(regIQ)
 [1] "coefficients"  "residuals"     "effects"      
 [4] "rank"          "fitted.values" "assign"       
 [7] "qr"            "df.residual"   "xlevels"      
[10] "call"          "terms"         "model"        
> regIQ$fitted.values
        1         2         3         4         5         6 
 889.1765 1105.0562 1013.7225  914.0857  731.4183 1080.1470 
        7         8         9        10        11        12 
 872.5704 1063.5409 1038.6317  905.7827 1212.9961  963.9041 
       13        14        15        16        17        18 
1154.8746 1105.0562 1096.7532  988.8133 1022.0256  714.8122 
       19        20        21        22        23        24 
 988.8133  955.6011 1138.2685 1055.2378  905.7827 1320.9359 
       25        26        27        28        29        30 
1063.5409 1146.5715  889.1765 1071.8440 1154.8746 1179.7838 
       31        32        33        34        35        36 
 972.2072  930.6919 1013.7225 1188.0869 1212.9961  880.8735 
       37        38        39        40        41        42 
1013.7225  997.1164  988.8133 1138.2685 1013.7225 1129.9654 
       43        44        45        46        47        48 
1022.0256  947.2980 1154.8746 1129.9654  988.8133  897.4796 
       49        50        51        52        53        54 
 963.9041 1022.0256  988.8133 1229.6022 1013.7225  980.5103 
       55        56        57        58        59        60 
1046.9348 1113.3593 1146.5715  972.2072 1071.8440  914.0857 
       61        62        63        64        65        66 
1138.2685  930.6919  914.0857  855.9643 1022.0256  889.1765 
       67        68        69        70        71        72 
 797.8428 1113.3593 1129.9654 1088.4501 1022.0256 1063.5409 
       73        74        75        76        77        78 
1163.1777  797.8428 1105.0562  980.5103 1071.8440  922.3888 
       79        80        81        82        83        84 
 988.8133  947.2980 1063.5409  723.1153  914.0857 1055.2378 
       85        86        87        88        89        90 
 997.1164  980.5103  781.2367  980.5103 1129.9654  914.0857 
       91        92        93        94        95        96 
 905.7827  988.8133  897.4796  872.5704  914.0857  689.9030 
       97        98        99       100       101       102 
1030.3286 1038.6317 1030.3286  922.3888 1154.8746  872.5704 
      103       104       105       106       107       108 
 831.0551 1030.3286  880.8735  822.7520 1113.3593  997.1164 
      109       110       111       112       113       114 
1046.9348  872.5704  864.2674  831.0551  831.0551 1055.2378 
      115       116       117       118       119       120 
1038.6317 1038.6317  997.1164  930.6919  988.8133  988.8133 
      121       122       123       124       125       126 
1096.7532  864.2674  905.7827 1046.9348 1113.3593 1138.2685 
      127       128       129       130       131       132 
 972.2072 1121.6623  864.2674 1154.8746 1022.0256 1179.7838 
      133       134       135       136       137       138 
 922.3888  914.0857  922.3888  764.6306 1046.9348  847.6612 
      139       140       141       142       143       144 
 922.3888  955.6011  997.1164  606.8724  988.8133 1105.0562 
      145       146       147       148       149       150 
 889.1765  797.8428 1229.6022  814.4490  930.6919 1096.7532 
      151       152       153       154       155       156 
1055.2378  947.2980  889.1765 1105.0562  673.2969 1038.6317 
      157       158       159       160       161       162 
 997.1164 1171.4807 1055.2378 1071.8440  963.9041  822.7520 
      163       164       165       166       167       168 
1088.4501 1154.8746 1096.7532 1121.6623 1071.8440 1113.3593 
      169       170       171       172       173       174 
1022.0256 1022.0256  822.7520  822.7520  997.1164  955.6011 
      175       176       177       178       179       180 
1080.1470  872.5704  872.5704 1030.3286  739.7214  897.4796 
      181       182       183       184       185       186 
1022.0256 1129.9654  963.9041 1129.9654  988.8133 1055.2378 
      187       188       189       190       191       192 
 980.5103 1146.5715 1030.3286  905.7827 1113.3593  988.8133 
      193       194       195       196       197       198 
1121.6623  914.0857 1030.3286  880.8735  930.6919 1022.0256 
      199       200       201       202       203       204 
1096.7532  922.3888  905.7827  938.9949  997.1164 1088.4501 
      205       206       207       208       209       210 
 864.2674  930.6919  905.7827 1071.8440  997.1164 1063.5409 
      211       212       213       214       215       216 
 880.8735 1105.0562  822.7520  930.6919 1063.5409  814.4490 
      217       218       219       220       221       222 
1013.7225 1005.4194  814.4490  831.0551  847.6612  922.3888 
      223       224       225       226       227       228 
 814.4490 1088.4501 1030.3286  980.5103 1030.3286  938.9949 
      229       230       231       232       233       234 
 781.2367  955.6011 1088.4501 1013.7225  689.9030 1022.0256 
      235       236       237       238       239       240 
 822.7520 1063.5409  864.2674 1005.4194 1088.4501 1046.9348 
      241       242       243       244       245       246 
 997.1164 1080.1470 1138.2685 1096.7532  872.5704  972.2072 
      247       248       249       250       251       252 
1063.5409  963.9041  980.5103 1046.9348 1005.4194 1088.4501 
      253       254       255       256       257       258 
1030.3286  914.0857  864.2674  922.3888  938.9949  938.9949 
      259       260       261       262       263       264 
 922.3888  905.7827 1163.1777 1022.0256  831.0551 1105.0562 
      265       266       267       268       269       270 
 963.9041  988.8133 1088.4501 1046.9348  855.9643 1204.6930 
      271       272       273       274       275       276 
1063.5409  930.6919 1146.5715 1154.8746  947.2980  814.4490 
      277       278       279       280       281       282 
1055.2378  963.9041  797.8428 1046.9348 1038.6317  914.0857 
      283       284       285       286       287       288 
1171.4807  922.3888 1113.3593  955.6011 1113.3593  938.9949 
      289       290       291       292       293       294 
 764.6306 1030.3286  897.4796 1113.3593 1013.7225  972.2072 
      295       296       297       298       299       300 
 922.3888  997.1164  938.9949  714.8122  847.6612 1105.0562 
      301       302       303       304       305       306 
 839.3582 1121.6623 1046.9348  972.2072  938.9949  955.6011 
      307       308       309       310       311       312 
1088.4501 1022.0256  723.1153 1080.1470  930.6919  980.5103 
      313       314       315       316       317       318 
 764.6306  980.5103  822.7520  980.5103 1005.4194 1022.0256 
      319       320       321       322       323       324 
1105.0562  914.0857  889.1765  864.2674  972.2072  997.1164 
      325       326       327       328       329       330 
 914.0857 1063.5409  831.0551 1030.3286  839.3582  855.9643 
      331       332       333       334       335       336 
 997.1164  947.2980 1038.6317  947.2980 1063.5409  930.6919 
      337       338       339       340       341       342 
 855.9643  731.4183 1030.3286 1196.3899 1013.7225  930.6919 
      343       344       345       346       347       348 
1154.8746  980.5103  930.6919  980.5103 1113.3593 1229.6022 
      349       350       351       352       353       354 
 880.8735 1188.0869 1096.7532 1005.4194  880.8735 1096.7532 
      355       356       357       358       359       360 
1013.7225 1105.0562 1022.0256  872.5704 1096.7532 1105.0562 
      361       362       363       364       365       366 
 972.2072 1113.3593 1129.9654 1105.0562  980.5103  914.0857 
      367       368       369       370       371       372 
 806.1459 1071.8440  847.6612  914.0857 1138.2685 1013.7225 
      373       374       375       376       377       378 
1080.1470 1022.0256  922.3888 1005.4194  905.7827 1022.0256 
      379       380       381       382       383       384 
 980.5103 1030.3286  897.4796  972.2072 1138.2685 1055.2378 
      385       386       387       388       389       390 
1030.3286  947.2980  905.7827  947.2980 1013.7225  955.6011 
      391       392       393       394       395       396 
 864.2674 1071.8440 1063.5409  814.4490  880.8735 1154.8746 
      397       398       399       400       401       402 
1005.4194 1188.0869  930.6919 1013.7225 1063.5409 1038.6317 
      403       404       405       406       407       408 
 955.6011  938.9949  739.7214  872.5704 1055.2378 1113.3593 
      409       410       411       412       413       414 
 930.6919 1005.4194 1121.6623 1071.8440 1229.6022  914.0857 
      415       416       417       418       419       420 
1113.3593  988.8133 1121.6623 1055.2378  997.1164  980.5103 
      421       422       423       424       425       426 
 781.2367 1088.4501 1163.1777 1046.9348  980.5103 1080.1470 
      427       428       429       430       431       432 
 698.2061  806.1459  814.4490  797.8428 1022.0256 1038.6317 
      433       434       435       436       437       438 
 897.4796  914.0857  955.6011  864.2674 1113.3593 1113.3593 
      439       440       441       442       443       444 
1013.7225  938.9949  781.2367  889.1765  822.7520 1096.7532 
      445       446       447       448       449       450 
1071.8440 1105.0562  897.4796 1022.0256  980.5103  855.9643 
      451       452       453       454       455       456 
 955.6011  914.0857 1022.0256  897.4796 1071.8440  880.8735 
      457       458       459       460       461       462 
 706.5091 1196.3899 1105.0562  731.4183  980.5103 1146.5715 
      463       464       465       466       467       468 
 897.4796 1113.3593  914.0857  673.2969  689.9030  930.6919 
      469       470       471       472       473       474 
 880.8735 1022.0256  947.2980  955.6011 1038.6317  997.1164 
      475       476       477       478       479       480 
 963.9041 1071.8440  938.9949 1096.7532 1212.9961 1013.7225 
      481       482       483       484       485       486 
 930.6919 1038.6317  772.9336  922.3888  938.9949  955.6011 
      487       488       489       490       491       492 
1113.3593  922.3888  997.1164 1204.6930  889.1765  772.9336 
      493       494       495       496       497       498 
 947.2980 1005.4194 1046.9348  988.8133 1063.5409 1080.1470 
      499       500       501       502       503       504 
 980.5103  822.7520  889.1765  947.2980  706.5091  847.6612 
      505       506       507       508       509       510 
 889.1765  930.6919 1030.3286 1022.0256  897.4796  756.3275 
      511       512       513       514       515       516 
 855.9643  963.9041 1055.2378  972.2072  864.2674  914.0857 
      517       518       519       520       521       522 
 922.3888  839.3582  855.9643  698.2061  980.5103 1080.1470 
      523       524       525       526       527       528 
 822.7520  980.5103  938.9949  889.1765 1063.5409  972.2072 
      529       530       531       532       533       534 
 880.8735  930.6919 1063.5409  756.3275  855.9643  889.1765 
      535       536       537       538       539       540 
1030.3286 1212.9961 1046.9348  938.9949  914.0857  997.1164 
      541       542       543       544       545       546 
1179.7838  905.7827  781.2367  706.5091  855.9643 1171.4807 
      547       548       549       550       551       552 
1063.5409  963.9041  847.6612  847.6612 1030.3286 1030.3286 
      553       554       555       556       557       558 
1196.3899  947.2980  955.6011  855.9643  781.2367  714.8122 
      559       560       561       562       563       564 
1071.8440 1071.8440 1013.7225  889.1765 1038.6317  955.6011 
      565       566       567       568       569       570 
 880.8735 1071.8440  748.0245  889.1765  872.5704  864.2674 
      571       572       573       574       575       576 
 814.4490 1113.3593  855.9643  980.5103 1005.4194  947.2980 
      577       578       579       580       581       582 
1188.0869 1046.9348  748.0245  922.3888  930.6919  615.1754 
      583       584       585       586       587       588 
1212.9961  864.2674  640.0846 1030.3286  847.6612  930.6919 
      589       590       591       592       593       594 
 623.4785  748.0245 1171.4807  897.4796  922.3888 1171.4807 
      595       596       597       598       599       600 
1022.0256  855.9643  864.2674  988.8133  947.2980 1038.6317 
      601       602       603       604       605       606 
1154.8746 1146.5715 1005.4194 1030.3286  963.9041  889.1765 
      607       608       609       610       611       612 
 789.5398  938.9949  889.1765  963.9041  905.7827  930.6919 
      613       614       615       616       617       618 
 814.4490  847.6612 1022.0256  797.8428  988.8133  905.7827 
      619       620       621       622       623       624 
 880.8735  731.4183 1138.2685  831.0551  880.8735  839.3582 
      625       626       627       628       629       630 
1088.4501 1046.9348 1105.0562  972.2072  731.4183  789.5398 
      631       632       633       634       635       636 
1146.5715  855.9643  847.6612  673.2969  997.1164  972.2072 
      637       638       639       640       641       642 
 872.5704  955.6011  822.7520  806.1459  698.2061  963.9041 
      643       644       645       646       647       648 
 897.4796  922.3888 1071.8440 1088.4501  988.8133 1055.2378 
      649       650       651       652       653       654 
 806.1459  955.6011 1055.2378  847.6612  889.1765  806.1459 
      655       656       657       658       659       660 
1055.2378  997.1164  997.1164 1063.5409 1105.0562  797.8428 
      661       662       663       664       665       666 
 855.9643  731.4183  756.3275  739.7214  922.3888  681.5999 
      667       668       669       670       671       672 
 806.1459  922.3888  930.6919  963.9041  789.5398  822.7520 
      673       674       675       676       677       678 
 831.0551  772.9336  814.4490  731.4183  880.8735  889.1765 
      679       680       681       682       683       684 
 689.9030 1055.2378  880.8735 1171.4807 1022.0256  922.3888 
      685       686       687       688       689       690 
 664.9938 1022.0256 1022.0256  980.5103  822.7520  789.5398 
      691       692       693       694       695       696 
 839.3582  764.6306  565.3570  930.6919  930.6919  988.8133 
      697       698       699       700       701       702 
 839.3582 1088.4501  822.7520  797.8428 1063.5409  656.6907 
      703       704       705       706       707       708 
 988.8133  880.8735 1005.4194 1038.6317  723.1153 1105.0562 
      709       710       711       712       713       714 
 922.3888 1030.3286  914.0857  673.2969  963.9041  648.3877 
      715       716       717       718       719       720 
 972.2072 1096.7532 1096.7532 1096.7532  739.7214 1046.9348 
      721       722       723       724       725       726 
 905.7827 1105.0562  897.4796  972.2072  864.2674 1179.7838 
      727       728       729       730       731       732 
1030.3286  814.4490  922.3888  963.9041 1204.6930 1163.1777 
      733       734       735       736       737       738 
1005.4194 1013.7225  880.8735 1013.7225 1071.8440 1038.6317 
      739       740       741       742       743       744 
1071.8440  955.6011 1063.5409 1080.1470  864.2674 1154.8746 
      745       746       747       748       749       750 
 930.6919 1038.6317 1022.0256 1146.5715 1121.6623  972.2072 
      751       752       753       754       755       756 
 914.0857  947.2980  980.5103 1046.9348  723.1153  955.6011 
      757       758       759       760       761       762 
 938.9949  905.7827 1022.0256 1030.3286  930.6919 1046.9348 
      763       764       765       766       767       768 
 648.3877  864.2674  963.9041 1105.0562  914.0857 1096.7532 
      769       770       771       772       773       774 
 772.9336  914.0857  781.2367 1254.5114 1080.1470  689.9030 
      775       776       777       778       779       780 
 764.6306  938.9949  880.8735 1055.2378  930.6919 1071.8440 
      781       782       783       784       785       786 
 914.0857 1088.4501  914.0857 1013.7225  880.8735  905.7827 
      787       788       789       790       791       792 
 897.4796 1071.8440 1088.4501  988.8133 1022.0256  839.3582 
      793       794       795       796       797       798 
1030.3286 1030.3286 1022.0256  822.7520  988.8133 1129.9654 
      799       800       801       802       803       804 
1013.7225 1129.9654  772.9336  988.8133  864.2674 1038.6317 
      805       806       807       808       809       810 
1030.3286  880.8735 1204.6930  980.5103 1030.3286  938.9949 
      811       812       813       814       815       816 
 831.0551  988.8133  822.7520  714.8122  831.0551  681.5999 
      817       818       819       820       821       822 
 905.7827 1080.1470  914.0857  822.7520  947.2980  955.6011 
      823       824       825       826       827       828 
 922.3888  947.2980  914.0857 1088.4501  889.1765 1080.1470 
      829       830       831       832       833       834 
 997.1164  930.6919  972.2072 1096.7532  947.2980  914.0857 
      835       836       837       838       839       840 
 673.2969  914.0857  980.5103  997.1164  631.7816  723.1153 
      841       842       843       844       845       846 
 631.7816  748.0245  748.0245  997.1164  897.4796  789.5398 
      847       848       849       850       851       852 
 839.3582  914.0857  739.7214  905.7827  831.0551  831.0551 
      853       854       855       856       857       858 
 980.5103  905.7827 1080.1470  664.9938  955.6011  914.0857 
      859       860       861       862       863       864 
 980.5103  988.8133  997.1164  955.6011  914.0857  988.8133 
      865       866       867       868       869       870 
 997.1164  963.9041  739.7214  938.9949  864.2674  980.5103 
      871       872       873       874       875       876 
1071.8440 1096.7532 1013.7225  748.0245  532.1448  573.6601 
      877       878       879       880       881       882 
 723.1153  814.4490  980.5103  880.8735  806.1459  930.6919 
      883       884       885       886       887       888 
 698.2061  839.3582  914.0857  781.2367  980.5103  980.5103 
      889       890       891       892       893       894 
 914.0857  855.9643 1055.2378  988.8133  814.4490 1013.7225 
      895       896       897       898       899       900 
 980.5103  997.1164  806.1459  698.2061  980.5103  872.5704 
      901       902       903       904       905       906 
1046.9348  922.3888  938.9949  731.4183  947.2980  831.0551 
      907       908       909       910       911       912 
 864.2674  955.6011 1022.0256  930.6919 1005.4194 1030.3286 
      913       914       915       916       917       918 
1113.3593  922.3888  972.2072 1063.5409  905.7827  889.1765 
      919       920       921       922       923       924 
 673.2969  922.3888  922.3888  806.1459  980.5103  797.8428 
      925       926       927       928       929       930 
1055.2378  889.1765  947.2980  955.6011  947.2980  797.8428 
      931       932       933       934       935 
 772.9336  963.9041  756.3275 1022.0256 1005.4194 
> summary(regIQ)

Call:
lm(formula = wage ~ IQ)

Residuals:
   Min     1Q Median     3Q    Max 
-898.7 -256.5  -47.3  201.1 2072.6 

Coefficients:
            Estimate Std. Error t value Pr(>|t|)    
(Intercept) 116.9916    85.6415   1.366    0.172    
IQ            8.3031     0.8364   9.927   <2e-16 ***
---
Signif. codes:  0 ‘***’ 0.001 ‘**’ 0.01 ‘*’ 0.05 ‘.’ 0.1 ‘ ’ 1

Residual standard error: 384.8 on 933 degrees of freedom
Multiple R-squared:  0.09554,	Adjusted R-squared:  0.09457 
F-statistic: 98.55 on 1 and 933 DF,  p-value: < 2.2e-16

> length(regIQ$fitted.values)
[1] 935
> regIQ

Call:
lm(formula = wage ~ IQ)

Coefficients:
(Intercept)           IQ  
    116.992        8.303  

> summary(regIQ)

Call:
lm(formula = wage ~ IQ)

Residuals:
   Min     1Q Median     3Q    Max 
-898.7 -256.5  -47.3  201.1 2072.6 

Coefficients:
            Estimate Std. Error t value Pr(>|t|)    
(Intercept) 116.9916    85.6415   1.366    0.172    
IQ            8.3031     0.8364   9.927   <2e-16 ***
---
Signif. codes:  0 ‘***’ 0.001 ‘**’ 0.01 ‘*’ 0.05 ‘.’ 0.1 ‘ ’ 1

Residual standard error: 384.8 on 933 degrees of freedom
Multiple R-squared:  0.09554,	Adjusted R-squared:  0.09457 
F-statistic: 98.55 on 1 and 933 DF,  p-value: < 2.2e-16

> length(regIQ$fitted.values)
[1] 935
> View(regIQ)
